ts Jul 29 2019 ï¿½ets Jul 29 2019 12:21:46

rst:0x1 (POWERON_RESET),boot:0x13 (SPI_FAST_FLASH_BOOT)
configsip: 0, SPIWP:0xee
clk_drv:0x00,q_drv:0x00,d_drv:0x00,cs0_drv:0x00,hd_drv:0x00,wp_drv:0x00
mode:DIO, clock div:2
load:0x3fff0030,len:7148
ho 0 tail 12 room 4
load:0x40078000,len:15696
load:0x40080400,len:4
load:0x40080404,len:3944
entry 0x4008065c
[0;32mI (31) boot: ESP-IDF v5.2-dev-3318-g8fc8f3f479 2nd stage bootloader[0m
[0;32mI (31) boot: compile time Oct 15 2023 14:28:14[0m
[0;32mI (33) boot: Multicore bootloader[0m
[0;32mI (37) boot: chip revision: v3.0[0m
[0;32mI (41) boot.esp32: SPI Speed      : 40MHz[0m
[0;32mI (46) boot.esp32: SPI Mode       : DIO[0m
[0;32mI (50) boot.esp32: SPI Flash Size : 2MB[0m
[0;32mI (55) boot: Enabling RNG early entropy source...[0m
[0;32mI (60) boot: Partition Table:[0m
[0;32mI (64) boot: ## Label            Usage          Type ST Offset   Length[0m
[0;32mI (71) boot:  0 nvs              WiFi data        01 02 00009000 00006000[0m
[0;32mI (78) boot:  1 phy_init         RF data          01 01 0000f000 00001000[0m
[0;32mI (86) boot:  2 factory          factory app      00 00 00010000 00100000[0m
[0;32mI (93) boot: End of partition table[0m
[0;32mI (97) esp_image: segment 0: paddr=00010020 vaddr=3f400020 size=21650h (136784) map[0m
[0;32mI (155) esp_image: segment 1: paddr=00031678 vaddr=3ffb0000 size=03a60h ( 14944) load[0m
[0;32mI (161) esp_image: segment 2: paddr=000350e0 vaddr=40080000 size=0af38h ( 44856) load[0m
[0;32mI (180) esp_image: segment 3: paddr=00040020 vaddr=400d0020 size=82160h (532832) map[0m
[0;32mI (373) esp_image: segment 4: paddr=000c2188 vaddr=4008af38 size=0ad44h ( 44356) load[0m
[0;32mI (403) boot: Loaded app from partition at offset 0x10000[0m
[0;32mI (403) boot: Disabling RNG early entropy source...[0m
[0;32mI (414) cpu_start: Multicore app[0m
[0;32mI (423) cpu_start: Pro cpu start user code[0m
[0;32mI (423) cpu_start: cpu freq: 160000000 Hz[0m
[0;32mI (423) cpu_start: Application information:[0m
[0;32mI (426) cpu_start: Project name:     esp-esp-comms[0m
[0;32mI (432) cpu_start: App version:      v5.2-dev-3318-g8fc8f3f479[0m
[0;32mI (438) cpu_start: Compile time:     Oct 15 2023 14:28:07[0m
[0;32mI (444) cpu_start: ELF file SHA256:  2ee2480e7...[0m
[0;32mI (450) cpu_start: ESP-IDF:          v5.2-dev-3318-g8fc8f3f479[0m
[0;32mI (456) cpu_start: Min chip rev:     v0.0[0m
[0;32mI (461) cpu_start: Max chip rev:     v3.99 [0m
[0;32mI (466) cpu_start: Chip rev:         v3.0[0m
[0;32mI (471) heap_init: Initializing. RAM available for dynamic allocation:[0m
[0;32mI (478) heap_init: At 3FFAE6E0 len 00001920 (6 KiB): DRAM[0m
[0;32mI (484) heap_init: At 3FFB7B10 len 000284F0 (161 KiB): DRAM[0m
[0;32mI (490) heap_init: At 3FFE0440 len 00003AE0 (14 KiB): D/IRAM[0m
[0;32mI (496) heap_init: At 3FFE4350 len 0001BCB0 (111 KiB): D/IRAM[0m
[0;32mI (503) heap_init: At 40095C7C len 0000A384 (40 KiB): IRAM[0m
[0;32mI (510) spi_flash: detected chip: gd[0m
[0;32mI (513) spi_flash: flash io: dio[0m
[0;33mW (517) spi_flash: Detected size(8192k) larger than the size in the binary image header(2048k). Using the size in the binary image header.[0m
[0;32mI (531) main_task: Started on CPU0[0m
[0;32mI (541) main_task: Calling app_main()[0m
[0;32mI (551) example_connect: Start example_connect.[0m
I (571) wifi:wifi driver task: 3ffbf6b4, prio:23, stack:6656, core=0
I (571) wifi:wifi firmware version: dc6ffb6
I (571) wifi:wifi certification version: v7.0
I (571) wifi:config NVS flash: enabled
I (571) wifi:config nano formating: disabled
I (581) wifi:Init data frame dynamic rx buffer num: 32
I (581) wifi:Init static rx mgmt buffer num: 5
I (581) wifi:Init management short buffer num: 32
I (591) wifi:Init dynamic tx buffer num: 32
I (591) wifi:Init static rx buffer size: 1600
I (601) wifi:Init static rx buffer num: 10
I (601) wifi:Init dynamic rx buffer num: 32
[0;32mI (611) wifi_init: rx ba win: 6[0m
[0;32mI (611) wifi_init: tcpip mbox: 32[0m
[0;32mI (611) wifi_init: udp mbox: 6[0m
[0;32mI (621) wifi_init: tcp mbox: 6[0m
[0;32mI (621) wifi_init: tcp tx win: 5744[0m
[0;32mI (621) wifi_init: tcp rx win: 5744[0m
[0;32mI (631) wifi_init: tcp mss: 1440[0m
[0;32mI (631) wifi_init: WiFi IRAM OP enabled[0m
[0;32mI (641) wifi_init: WiFi RX IRAM OP enabled[0m
[0;32mI (641) phy_init: phy_version 4780,16b31a7,Sep 22 2023,20:42:16[0m
I (731) wifi:mode : sta (8c:4b:14:0f:8f:e4)
I (731) wifi:enable tsf
[0;32mI (741) example_connect: Connecting to 41 linden dr...[0m
[0;32mI (741) example_connect: Waiting for IP(s)[0m
I (3151) wifi:new:<11,0>, old:<1,0>, ap:<255,255>, sta:<11,0>, prof:1
I (3401) wifi:state: init -> auth (b0)
I (3411) wifi:state: auth -> assoc (0)
I (3411) wifi:state: assoc -> run (10)
I (3441) wifi:connected with 41 linden dr, aid = 6, channel 11, BW20, bssid = d4:6c:6d:6d:18:1c
I (3441) wifi:security: WPA2-PSK, phy: bgn, rssi: -44
I (3441) wifi:pm start, type: 1

I (3501) wifi:AP's beacon interval = 102400 us, DTIM period = 1
[0;32mI (4451) esp_netif_handlers: example_netif_sta ip: 10.0.0.181, mask: 255.255.255.0, gw: 10.0.0.1[0m
[0;32mI (4451) example_connect: Got IPv4 event: Interface "example_netif_sta" address: 10.0.0.181[0m
[0;32mI (4551) example_connect: Got IPv6 event: Interface "example_netif_sta" address: fe80:0000:0000:0000:8e4b:14ff:fe0f:8fe4, type: ESP_IP6_ADDR_IS_LINK_LOCAL[0m
[0;32mI (4551) example_common: Connected to example_netif_sta[0m
[0;32mI (4561) example_common: - IPv4 address: 10.0.0.181,[0m
[0;32mI (4561) example_common: - IPv6 address: fe80:0000:0000:0000:8e4b:14ff:fe0f:8fe4, type: ESP_IP6_ADDR_IS_LINK_LOCAL[0m
Connection failed: Connection reset by peer

abort() was called at PC 0x400d43a7 on core 0


Backtrace: 0x4008180e:0x3ffb9cd0 0x40088fb5:0x3ffb9cf0 0x40090062:0x3ffb9d10 0x400d43a7:0x3ffb9d80 0x4013b2d7:0x3ffb9da0 0x400d665f:0x3ffb9dc0 0x400d66ee:0x3ffb9df0 0x4014ffe7:0x3ffb9e10 0x40089b49:0x3ffb9e40




ELF file SHA256: 2ee2480e7

Rebooting...
ets Jul 29 2019 12:21:46

rst:0xc (SW_CPU_RESET),boot:0x13 (SPI_FAST_FLASH_BOOT)
configsip: 0, SPIWP:0xee
clk_drv:0x00,q_drv:0x00,d_drv:0x00,cs0_drv:0x00,hd_drv:0x00,wp_drv:0x00
mode:DIO, clock div:2
load:0x3fff0030,len:7148
ho 0 tail 12 room 4
load:0x40078000,len:15696
load:0x40080400,len:4
load:0x40080404,len:3944
entry 0x4008065c
[0;32mI (31) boot: ESP-IDF v5.2-dev-3318-g8fc8f3f479 2nd stage bootloader[0m
[0;32mI (31) boot: compile time Oct 15 2023 14:28:14[0m
[0;32mI (33) boot: Multicore bootloader[0m
[0;32mI (37) boot: chip revision: v3.0[0m
[0;32mI (41) boot.esp32: SPI Speed      : 40MHz[0m
[0;32mI (45) boot.esp32: SPI Mode       : DIO[0m
[0;32mI (50) boot.esp32: SPI Flash Size : 2MB[0m
[0;32mI (54) boot: Enabling RNG early entropy source...[0m
[0;32mI (60) boot: Partition Table:[0m
[0;32mI (63) boot: ## Label            Usage          Type ST Offset   Length[0m
[0;32mI (71) boot:  0 nvs              WiFi data        01 02 00009000 00006000[0m
[0;32mI (78) boot:  1 phy_init         RF data          01 01 0000f000 00001000[0m
[0;32mI (86) boot:  2 factory          factory app      00 00 00010000 00100000[0m
[0;32mI (93) boot: End of partition table[0m
[0;32mI (97) esp_image: segment 0: paddr=00010020 vaddr=3f400020 size=21650h (136784) map[0m
[0;32mI (155) esp_image: segment 1: paddr=00031678 vaddr=3ffb0000 size=03a60h ( 14944) load[0m
[0;32mI (161) esp_image: segment 2: paddr=000350e0 vaddr=40080000 size=0af38h ( 44856) load[0m
[0;32mI (180) esp_image: segment 3: paddr=00040020 vaddr=400d0020 size=82160h (532832) map[0m
[0;32mI (373) esp_image: segment 4: paddr=000c2188 vaddr=4008af38 size=0ad44h ( 44356) load[0m
[0;32mI (403) boot: Loaded app from partition at offset 0x10000[0m
[0;32mI (403) boot: Disabling RNG early entropy source...[0m
[0;32mI (414) cpu_start: Multicore app[0m
[0;32mI (423) cpu_start: Pro cpu start user code[0m
[0;32mI (423) cpu_start: cpu freq: 160000000 Hz[0m
[0;32mI (423) cpu_start: Application information:[0m
[0;32mI (426) cpu_start: Project name:     esp-esp-comms[0m
[0;32mI (431) cpu_start: App version:      v5.2-dev-3318-g8fc8f3f479[0m
[0;32mI (438) cpu_start: Compile time:     Oct 15 2023 14:28:07[0m
[0;32mI (444) cpu_start: ELF file SHA256:  2ee2480e7...[0m
[0;32mI (449) cpu_start: ESP-IDF:          v5.2-dev-3318-g8fc8f3f479[0m
[0;32mI (456) cpu_start: Min chip rev:     v0.0[0m
[0;32mI (461) cpu_start: Max chip rev:     v3.99 [0m
[0;32mI (466) cpu_start: Chip rev:         v3.0[0m
[0;32mI (470) heap_init: Initializing. RAM available for dynamic allocation:[0m
[0;32mI (478) heap_init: At 3FFAE6E0 len 00001920 (6 KiB): DRAM[0m
[0;32mI (484) heap_init: At 3FFB7B10 len 000284F0 (161 KiB): DRAM[0m
[0;32mI (490) heap_init: At 3FFE0440 len 00003AE0 (14 KiB): D/IRAM[0m
[0;32mI (496) heap_init: At 3FFE4350 len 0001BCB0 (111 KiB): D/IRAM[0m
[0;32mI (503) heap_init: At 40095C7C len 0000A384 (40 KiB): IRAM[0m
[0;32mI (510) spi_flash: detected chip: gd[0m
[0;32mI (513) spi_flash: flash io: dio[0m
[0;33mW (517) spi_flash: Detected size(8192k) larger than the size in the binary image header(2048k). Using the size in the binary image header.[0m
[0;32mI (531) main_task: Started on CPU0[0m
[0;32mI (541) main_task: Calling app_main()[0m
[0;32mI (551) example_connect: Start example_connect.[0m
I (571) wifi:wifi driver task: 3ffbf6b4, prio:23, stack:6656, core=0
I (571) wifi:wifi firmware version: dc6ffb6
I (571) wifi:wifi certification version: v7.0
I (571) wifi:config NVS flash: enabled
I (571) wifi:config nano formating: disabled
I (581) wifi:Init data frame dynamic rx buffer num: 32
I (581) wifi:Init static rx mgmt buffer num: 5
I (581) wifi:Init management short buffer num: 32
I (591) wifi:Init dynamic tx buffer num: 32
I (591) wifi:Init static rx buffer size: 1600
I (601) wifi:Init static rx buffer num: 10
I (601) wifi:Init dynamic rx buffer num: 32
[0;32mI (611) wifi_init: rx ba win: 6[0m
[0;32mI (611) wifi_init: tcpip mbox: 32[0m
[0;32mI (611) wifi_init: udp mbox: 6[0m
[0;32mI (621) wifi_init: tcp mbox: 6[0m
[0;32mI (621) wifi_init: tcp tx win: 5744[0m
[0;32mI (621) wifi_init: tcp rx win: 5744[0m
[0;32mI (631) wifi_init: tcp mss: 1440[0m
[0;32mI (631) wifi_init: WiFi IRAM OP enabled[0m
[0;32mI (641) wifi_init: WiFi RX IRAM OP enabled[0m
[0;32mI (641) phy_init: phy_version 4780,16b31a7,Sep 22 2023,20:42:16[0m
I (731) wifi:mode : sta (8c:4b:14:0f:8f:e4)
I (731) wifi:enable tsf
[0;32mI (741) example_connect: Connecting to 41 linden dr...[0m
[0;32mI (741) example_connect: Waiting for IP(s)[0m
I (3151) wifi:new:<11,0>, old:<1,0>, ap:<255,255>, sta:<11,0>, prof:1
I (3401) wifi:state: init -> auth (b0)
I (3411) wifi:state: auth -> assoc (0)
I (3421) wifi:state: assoc -> run (10)
I (3451) wifi:connected with 41 linden dr, aid = 6, channel 11, BW20, bssid = d4:6c:6d:6d:18:1c
I (3451) wifi:security: WPA2-PSK, phy: bgn, rssi: -43
I (3451) wifi:pm start, type: 1

I (3491) wifi:AP's beacon interval = 102400 us, DTIM period = 1
[0;32mI (4451) esp_netif_handlers: example_netif_sta ip: 10.0.0.181, mask: 255.255.255.0, gw: 10.0.0.1[0m
[0;32mI (4451) example_connect: Got IPv4 event: Interface "example_netif_sta" address: 10.0.0.181[0m
[0;32mI (4551) example_connect: Got IPv6 event: Interface "example_netif_sta" address: fe80:0000:0000:0000:8e4b:14ff:fe0f:8fe4, type: ESP_IP6_ADDR_IS_LINK_LOCAL[0m
[0;32mI (4551) example_common: Connected to example_netif_sta[0m
[0;32mI (4561) example_common: - IPv4 address: 10.0.0.181,[0m
[0;32mI (4561) example_common: - IPv6 address: fe80:0000:0000:0000:8e4b:14ff:fe0f:8fe4, type: ESP_IP6_ADDR_IS_LINK_LOCAL[0m
Connection failed: Connection reset by peer

abort() was called at PC 0x400d43a7 on core 0


Backtrace: 0x4008180e:0x3ffb9cd0 0x40088fb5:0x3ffb9cf0 0x40090062:0x3ffb9d10 0x400d43a7:0x3ffb9d80 0x4013b2d7:0x3ffb9da0 0x400d665f:0x3ffb9dc0 0x400d66ee:0x3ffb9df0 0x4014ffe7:0x3ffb9e10 0x40089b49:0x3ffb9e40




ELF file SHA256: 2ee2480e7

Rebooting...
ets Jul 29 2019 12:21:46

rst:0xc (SW_CPU_RESET),boot:0x13 (SPI_FAST_FLASH_BOOT)
configsip: 0, SPIWP:0xee
clk_drv:0x00,q_drv:0x00,d_drv:0x00,cs0_drv:0x00,hd_drv:0x00,wp_drv:0x00
mode:DIO, clock div:2
load:0x3fff0030,len:7148
ho 0 tail 12 room 4
load:0x40078000,len:15696
load:0x40080400,len:4
load:0x40080404,len:3944
entry 0x4008065c
[0;32mI (31) boot: ESP-IDF v5.2-dev-3318-g8fc8f3f479 2nd stage bootloader[0m
[0;32mI (31) boot: compile time Oct 15 2023 14:28:14[0m
[0;32mI (33) boot: Multicore bootloader[0m
[0;32mI (37) boot: chip revision: v3.0[0m
[0;32mI (41) boot.esp32: SPI Speed      : 40MHz[0m
[0;32mI (45) boot.esp32: SPI Mode       : DIO[0m
[0;32mI (50) boot.esp32: SPI Flash Size : 2MB[0m
[0;32mI (54) boot: Enabling RNG early entropy source...[0m
[0;32mI (60) boot: Partition Table:[0m
[0;32mI (63) boot: ## Label            Usage          Type ST Offset   Length[0m
[0;32mI (71) boot:  0 nvs              WiFi data        01 02 00009000 00006000[0m
[0;32mI (78) boot:  1 phy_init         RF data          01 01 0000f000 00001000[0m
[0;32mI (86) boot:  2 factory          factory app      00 00 00010000 00100000[0m
[0;32mI (93) boot: End of partition table[0m
[0;32mI (97) esp_image: segment 0: paddr=00010020 vaddr=3f400020 size=21650h (136784) map[0m
[0;32mI (155) esp_image: segment 1: paddr=00031678 vaddr=3ffb0000 size=03a60h ( 14944) load[0m
[0;32mI (161) esp_image: segment 2: paddr=000350e0 vaddr=40080000 size=0af38h ( 44856) load[0m
[0;32mI (180) esp_image: segment 3: paddr=00040020 vaddr=400d0020 size=82160h (532832) map[0m
[0;32mI (373) esp_image: segment 4: paddr=000c2188 vaddr=4008af38 size=0ad44h ( 44356) load[0m
[0;32mI (403) boot: Loaded app from partition at offset 0x10000[0m
[0;32mI (403) boot: Disabling RNG early entropy source...[0m
[0;32mI (414) cpu_start: Multicore app[0m
[0;32mI (423) cpu_start: Pro cpu start user code[0m
[0;32mI (423) cpu_start: cpu freq: 160000000 Hz[0m
[0;32mI (423) cpu_start: Application information:[0m
[0;32mI (426) cpu_start: Project name:     esp-esp-comms[0m
[0;32mI (431) cpu_start: App version:      v5.2-dev-3318-g8fc8f3f479[0m
[0;32mI (438) cpu_start: Compile time:     Oct 15 2023 14:28:07[0m
[0;32mI (444) cpu_start: ELF file SHA256:  2ee2480e7...[0m
[0;32mI (449) cpu_start: ESP-IDF:          v5.2-dev-3318-g8fc8f3f479[0m
[0;32mI (456) cpu_start: Min chip rev:     v0.0[0m
[0;32mI (461) cpu_start: Max chip rev:     v3.99 [0m
[0;32mI (466) cpu_start: Chip rev:         v3.0[0m
[0;32mI (470) heap_init: Initializing. RAM available for dynamic allocation:[0m
[0;32mI (478) heap_init: At 3FFAE6E0 len 00001920 (6 KiB): DRAM[0m
[0;32mI (484) heap_init: At 3FFB7B10 len 000284F0 (161 KiB): DRAM[0m
[0;32mI (490) heap_init: At 3FFE0440 len 00003AE0 (14 KiB): D/IRAM[0m
[0;32mI (496) heap_init: At 3FFE4350 len 0001BCB0 (111 KiB): D/IRAM[0m
[0;32mI (503) heap_init: At 40095C7C len 0000A384 (40 KiB): IRAM[0m
[0;32mI (510) spi_flash: detected chip: gd[0m
[0;32mI (513) spi_flash: flash io: dio[0m
[0;33mW (517) spi_flash: Detected size(8192k) larger than the size in the binary image header(2048k). Using the size in the binary image header.[0m
[0;32mI (531) main_task: Started on CPU0[0m
[0;32mI (541) main_task: Calling app_main()[0m
[0;32mI (551) example_connect: Start example_connect.[0m
I (571) wifi:wifi driver task: 3ffbf6b4, prio:23, stack:6656, core=0
I (571) wifi:wifi firmware version: dc6ffb6
I (571) wifi:wifi certification version: v7.0
I (571) wifi:config NVS flash: enabled
I (571) wifi:config nano formating: disabled
I (581) wifi:Init data frame dynamic rx buffer num: 32
I (581) wifi:Init static rx mgmt buffer num: 5
I (581) wifi:Init management short buffer num: 32
I (591) wifi:Init dynamic tx buffer num: 32
I (591) wifi:Init static rx buffer size: 1600
